[     215ms] [INFO] %cDownload the React DevTools for a better development experience: https://react.dev/link/react-devtools font-weight:bold @ http://localhost:3000/_next/static/chunks/718e3_next_dist_0bf0ab56._.js:2287
[     314ms] [LOG] [HMR] connected @ http://localhost:3000/_next/static/chunks/718e3_next_dist_0bf0ab56._.js:2287
[     568ms] [ERROR] A tree hydrated but some attributes of the server rendered HTML didn't match the client properties. This won't be patched up. This can happen if a SSR-ed Client Component used:

- A server/client branch `if (typeof window !== 'undefined')`.
- Variable input such as `Date.now()` or `Math.random()` which changes each time it's called.
- Date formatting in a user's locale which doesn't match the server.
- External changing data without sending a snapshot of it along with the HTML.
- Invalid HTML tag nesting.

It can also happen if the client has a browser extension installed which messes with the HTML before React loaded.

%s%s https://react.dev/link/hydration-mismatch 

  ...
    <SelectProvider required={undefined} scope={undefined} trigger={null} ...>
      <SelectCollectionProvider scope={undefined}>
        <SelectCollectionProviderProvider scope={undefined} itemMap={Map} collectionRef={{current:null}}>
          <SelectProvider scope={undefined} onNativeOptionAdd={function Select.useCallback} ...>
            <_c className={"h-9 w-[1..."}>
              <SelectTrigger ref={null} className={"flex ite..."}>
                <PopperAnchor asChild={true} __scopePopper={{Popper:[...]}}>
                  <Primitive.div asChild={true} ref={function}>
                    <Primitive.div.Slot ref={function}>
                      <Primitive.div.SlotClone ref={function}>
                        <Primitive.button type="button" role="combobox" aria-controls="radix-_R_h..." ...>
                          <button
                            type="button"
                            role="combobox"
+                           aria-controls="radix-_R_halbatpet9esjlb_"
-                           aria-controls="radix-_R_25aleatpet9esjlb_"
                            aria-expanded={false}
                            aria-required={undefined}
                            aria-autocomplete="none"
                            dir="ltr"
                            data-state="closed"
                            disabled={false}
                            data-disabled={undefined}
                            data-placeholder={undefined}
                            className={"flex items-center justify-between border py-2 ring-offset-background transiti..."}
                            onClick={function handleEvent}
                            onPointerDown={function handleEvent}
                            onKeyDown={function handleEvent}
                            ref={function}
                          >
            ...
      ...
 @ http://localhost:3000/_next/static/chunks/718e3_next_dist_0bf0ab56._.js:3117
[     738ms] [LOG] %c[Vercel Speed Insights]%c Debug mode is enabled by default in development. No requests will be sent to the server. color: rgb(120, 120, 120) color: inherit @ http://localhost:3000/_next/static/chunks/718e3_next_dist_0bf0ab56._.js:2287
[     936ms] [LOG] [Fast Refresh] rebuilding @ http://localhost:3000/_next/static/chunks/718e3_next_dist_0bf0ab56._.js:2287
[    2721ms] [LOG] [Fast Refresh] done in 1886ms @ http://localhost:3000/_next/static/chunks/718e3_next_dist_0bf0ab56._.js:2287
[  516214ms] [LOG] [Fast Refresh] rebuilding @ http://localhost:3000/_next/static/chunks/718e3_next_dist_0bf0ab56._.js:2287
[  516226ms] [LOG] [Fast Refresh] done in 117ms @ http://localhost:3000/_next/static/chunks/718e3_next_dist_0bf0ab56._.js:2287
[  609684ms] [LOG] [Fast Refresh] rebuilding @ http://localhost:3000/_next/static/chunks/718e3_next_dist_0bf0ab56._.js:2287
[  609760ms] [LOG] [Fast Refresh] done in 178ms @ http://localhost:3000/_next/static/chunks/718e3_next_dist_0bf0ab56._.js:2287
[  612611ms] [LOG] [Fast Refresh] rebuilding @ http://localhost:3000/_next/static/chunks/718e3_next_dist_0bf0ab56._.js:2287
[  612670ms] [LOG] [Fast Refresh] done in 159ms @ http://localhost:3000/_next/static/chunks/718e3_next_dist_0bf0ab56._.js:2287
[  634870ms] [LOG] [Fast Refresh] rebuilding @ http://localhost:3000/_next/static/chunks/718e3_next_dist_0bf0ab56._.js:2287
[  634955ms] [LOG] [Fast Refresh] done in 186ms @ http://localhost:3000/_next/static/chunks/718e3_next_dist_0bf0ab56._.js:2287
[  717993ms] [LOG] [Fast Refresh] rebuilding @ http://localhost:3000/_next/static/chunks/718e3_next_dist_0bf0ab56._.js:2287
[  720352ms] [LOG] [Fast Refresh] done in 2210ms @ http://localhost:3000/_next/static/chunks/718e3_next_dist_0bf0ab56._.js:2287
[  770574ms] [LOG] [Fast Refresh] rebuilding @ http://localhost:3000/_next/static/chunks/718e3_next_dist_0bf0ab56._.js:2287
[  772701ms] [LOG] [Fast Refresh] done in 2057ms @ http://localhost:3000/_next/static/chunks/718e3_next_dist_0bf0ab56._.js:2287
[  810638ms] [LOG] [Fast Refresh] rebuilding @ http://localhost:3000/_next/static/chunks/718e3_next_dist_0bf0ab56._.js:2287
[  810639ms] [LOG] [Fast Refresh] done in 104ms @ http://localhost:3000/_next/static/chunks/718e3_next_dist_0bf0ab56._.js:2287
[  830913ms] [LOG] [Fast Refresh] rebuilding @ http://localhost:3000/_next/static/chunks/718e3_next_dist_0bf0ab56._.js:2287
[  832535ms] [LOG] [Fast Refresh] done in 1607ms @ http://localhost:3000/_next/static/chunks/718e3_next_dist_0bf0ab56._.js:2287
[ 2505959ms] [LOG] [HMR] connected @ http://localhost:3000/_next/static/chunks/718e3_next_dist_0bf0ab56._.js:2287
[ 4221638ms] [LOG] [Fast Refresh] rebuilding @ http://localhost:3000/_next/static/chunks/718e3_next_dist_0bf0ab56._.js:2287
[ 4221929ms] [LOG] [Fast Refresh] done in 405ms @ http://localhost:3000/_next/static/chunks/718e3_next_dist_0bf0ab56._.js:2287
[ 8460561ms] [LOG] [HMR] connected @ http://localhost:3000/_next/static/chunks/718e3_next_dist_0bf0ab56._.js:2287
[12537620ms] [LOG] [Fast Refresh] rebuilding @ http://localhost:3000/_next/static/chunks/718e3_next_dist_0bf0ab56._.js:2287
[12541445ms] [LOG] [Fast Refresh] done in 3319ms @ http://localhost:3000/_next/static/chunks/718e3_next_dist_0bf0ab56._.js:2287
[12618688ms] [LOG] [Fast Refresh] rebuilding @ http://localhost:3000/_next/static/chunks/718e3_next_dist_0bf0ab56._.js:2287
[12618729ms] [LOG] [Fast Refresh] done in 142ms @ http://localhost:3000/_next/static/chunks/718e3_next_dist_0bf0ab56._.js:2287
[12965303ms] [LOG] [Fast Refresh] rebuilding @ http://localhost:3000/_next/static/chunks/718e3_next_dist_0bf0ab56._.js:2287
[12965441ms] [LOG] [Fast Refresh] done in 241ms @ http://localhost:3000/_next/static/chunks/718e3_next_dist_0bf0ab56._.js:2287
[12973744ms] [LOG] [Fast Refresh] rebuilding @ http://localhost:3000/_next/static/chunks/718e3_next_dist_0bf0ab56._.js:2287
[12974205ms] [LOG] [Fast Refresh] done in 564ms @ http://localhost:3000/_next/static/chunks/718e3_next_dist_0bf0ab56._.js:2287
[12981483ms] [LOG] [Fast Refresh] rebuilding @ http://localhost:3000/_next/static/chunks/718e3_next_dist_0bf0ab56._.js:2287
[12981716ms] [LOG] [Fast Refresh] done in 335ms @ http://localhost:3000/_next/static/chunks/718e3_next_dist_0bf0ab56._.js:2287
[12986019ms] [LOG] [Fast Refresh] rebuilding @ http://localhost:3000/_next/static/chunks/718e3_next_dist_0bf0ab56._.js:2287
[12993701ms] [LOG] [Fast Refresh] done in 7784ms @ http://localhost:3000/_next/static/chunks/718e3_next_dist_0bf0ab56._.js:2287
[13418182ms] [LOG] [Fast Refresh] rebuilding @ http://localhost:3000/_next/static/chunks/718e3_next_dist_0bf0ab56._.js:2287
[13418355ms] [LOG] [Fast Refresh] done in 275ms @ http://localhost:3000/_next/static/chunks/718e3_next_dist_0bf0ab56._.js:2287
[13672835ms] [LOG] [Fast Refresh] rebuilding @ http://localhost:3000/_next/static/chunks/718e3_next_dist_0bf0ab56._.js:2287
[13672920ms] [LOG] [Fast Refresh] done in 189ms @ http://localhost:3000/_next/static/chunks/718e3_next_dist_0bf0ab56._.js:2287
[13729249ms] [LOG] [Fast Refresh] rebuilding @ http://localhost:3000/_next/static/chunks/718e3_next_dist_0bf0ab56._.js:2287
[13732045ms] [LOG] [Fast Refresh] done in 2206ms @ http://localhost:3000/_next/static/chunks/718e3_next_dist_0bf0ab56._.js:2287
[13790794ms] [LOG] [Fast Refresh] rebuilding @ http://localhost:3000/_next/static/chunks/718e3_next_dist_0bf0ab56._.js:2287
[13791898ms] [LOG] [Fast Refresh] done in 1204ms @ http://localhost:3000/_next/static/chunks/718e3_next_dist_0bf0ab56._.js:2287
[13825941ms] [LOG] [Fast Refresh] rebuilding @ http://localhost:3000/_next/static/chunks/718e3_next_dist_0bf0ab56._.js:2287
[13827089ms] [LOG] [Fast Refresh] done in 1015ms @ http://localhost:3000/_next/static/chunks/718e3_next_dist_0bf0ab56._.js:2287
[13892128ms] [LOG] [Fast Refresh] rebuilding @ http://localhost:3000/_next/static/chunks/718e3_next_dist_0bf0ab56._.js:2287
[13892194ms] [LOG] [Fast Refresh] done in 166ms @ http://localhost:3000/_next/static/chunks/718e3_next_dist_0bf0ab56._.js:2287
[14172714ms] [LOG] [Fast Refresh] rebuilding @ http://localhost:3000/_next/static/chunks/718e3_next_dist_0bf0ab56._.js:2287
[14174648ms] [LOG] [Fast Refresh] done in 2038ms @ http://localhost:3000/_next/static/chunks/718e3_next_dist_0bf0ab56._.js:2287
[14242091ms] [LOG] [Fast Refresh] rebuilding @ http://localhost:3000/_next/static/chunks/718e3_next_dist_0bf0ab56._.js:2287
[14243333ms] [LOG] [Fast Refresh] done in 1188ms @ http://localhost:3000/_next/static/chunks/718e3_next_dist_0bf0ab56._.js:2287
[14246347ms] [LOG] [Fast Refresh] rebuilding @ http://localhost:3000/_next/static/chunks/718e3_next_dist_0bf0ab56._.js:2287
[14247332ms] [LOG] [Fast Refresh] done in 865ms @ http://localhost:3000/_next/static/chunks/718e3_next_dist_0bf0ab56._.js:2287
[15357914ms] [LOG] [Fast Refresh] rebuilding @ http://localhost:3000/_next/static/chunks/718e3_next_dist_0bf0ab56._.js:2287
[15361505ms] [LOG] [Fast Refresh] done in 3281ms @ http://localhost:3000/_next/static/chunks/718e3_next_dist_0bf0ab56._.js:2287
[15373419ms] [LOG] [Fast Refresh] rebuilding @ http://localhost:3000/_next/static/chunks/718e3_next_dist_0bf0ab56._.js:2287
[15374639ms] [LOG] [Fast Refresh] done in 1186ms @ http://localhost:3000/_next/static/chunks/718e3_next_dist_0bf0ab56._.js:2287
[15403752ms] [LOG] [Fast Refresh] rebuilding @ http://localhost:3000/_next/static/chunks/718e3_next_dist_0bf0ab56._.js:2287
[15403776ms] [LOG] [Fast Refresh] done in 127ms @ http://localhost:3000/_next/static/chunks/718e3_next_dist_0bf0ab56._.js:2287
[15444600ms] [LOG] [Fast Refresh] rebuilding @ http://localhost:3000/_next/static/chunks/718e3_next_dist_0bf0ab56._.js:2287
[15448476ms] [LOG] [Fast Refresh] done in 3986ms @ http://localhost:3000/_next/static/chunks/718e3_next_dist_0bf0ab56._.js:2287
[15455106ms] [LOG] [Fast Refresh] rebuilding @ http://localhost:3000/_next/static/chunks/718e3_next_dist_0bf0ab56._.js:2287
[15455204ms] [LOG] [Fast Refresh] done in 199ms @ http://localhost:3000/_next/static/chunks/718e3_next_dist_0bf0ab56._.js:2287
[15461526ms] [LOG] [Fast Refresh] rebuilding @ http://localhost:3000/_next/static/chunks/718e3_next_dist_0bf0ab56._.js:2287
[15461597ms] [LOG] [Fast Refresh] done in 173ms @ http://localhost:3000/_next/static/chunks/718e3_next_dist_0bf0ab56._.js:2287
[15461953ms] [LOG] [Fast Refresh] rebuilding @ http://localhost:3000/_next/static/chunks/718e3_next_dist_0bf0ab56._.js:2287
[15462036ms] [LOG] [Fast Refresh] done in 185ms @ http://localhost:3000/_next/static/chunks/718e3_next_dist_0bf0ab56._.js:2287
[15789267ms] [LOG] [Fast Refresh] rebuilding @ http://localhost:3000/_next/static/chunks/718e3_next_dist_0bf0ab56._.js:2287
[15791298ms] [LOG] [Fast Refresh] done in 1636ms @ http://localhost:3000/_next/static/chunks/718e3_next_dist_0bf0ab56._.js:2287
[15807082ms] [LOG] [Fast Refresh] rebuilding @ http://localhost:3000/_next/static/chunks/718e3_next_dist_0bf0ab56._.js:2287
[15808011ms] [LOG] [Fast Refresh] done in 827ms @ http://localhost:3000/_next/static/chunks/718e3_next_dist_0bf0ab56._.js:2287
[15821143ms] [LOG] [Fast Refresh] rebuilding @ http://localhost:3000/_next/static/chunks/718e3_next_dist_0bf0ab56._.js:2287
[15822196ms] [LOG] [Fast Refresh] done in 1037ms @ http://localhost:3000/_next/static/chunks/718e3_next_dist_0bf0ab56._.js:2287
[15823059ms] [LOG] [Fast Refresh] rebuilding @ http://localhost:3000/_next/static/chunks/718e3_next_dist_0bf0ab56._.js:2287
[15825402ms] [LOG] [Fast Refresh] done in 2449ms @ http://localhost:3000/_next/static/chunks/718e3_next_dist_0bf0ab56._.js:2287
[15825698ms] [LOG] [Fast Refresh] rebuilding @ http://localhost:3000/_next/static/chunks/718e3_next_dist_0bf0ab56._.js:2287
[15825740ms] [LOG] [Fast Refresh] done in 148ms @ http://localhost:3000/_next/static/chunks/718e3_next_dist_0bf0ab56._.js:2287
[15979895ms] [LOG] [Fast Refresh] rebuilding @ http://localhost:3000/_next/static/chunks/718e3_next_dist_0bf0ab56._.js:2287
[15980586ms] [LOG] [Fast Refresh] done in 742ms @ http://localhost:3000/_next/static/chunks/718e3_next_dist_0bf0ab56._.js:2287
[15994891ms] [LOG] [Fast Refresh] rebuilding @ http://localhost:3000/_next/static/chunks/718e3_next_dist_0bf0ab56._.js:2287
[15995607ms] [LOG] [Fast Refresh] done in 799ms @ http://localhost:3000/_next/static/chunks/718e3_next_dist_0bf0ab56._.js:2287
[16019435ms] [LOG] [Fast Refresh] rebuilding @ http://localhost:3000/_next/static/chunks/718e3_next_dist_0bf0ab56._.js:2287
[16020151ms] [LOG] [Fast Refresh] done in 803ms @ http://localhost:3000/_next/static/chunks/718e3_next_dist_0bf0ab56._.js:2287
[16091027ms] [LOG] [Fast Refresh] rebuilding @ http://localhost:3000/_next/static/chunks/718e3_next_dist_0bf0ab56._.js:2287
[16091844ms] [LOG] [Fast Refresh] done in 908ms @ http://localhost:3000/_next/static/chunks/718e3_next_dist_0bf0ab56._.js:2287
[16123144ms] [LOG] [Fast Refresh] rebuilding @ http://localhost:3000/_next/static/chunks/718e3_next_dist_0bf0ab56._.js:2287
[16123801ms] [LOG] [Fast Refresh] done in 688ms @ http://localhost:3000/_next/static/chunks/718e3_next_dist_0bf0ab56._.js:2287
[16135699ms] [LOG] [Fast Refresh] rebuilding @ http://localhost:3000/_next/static/chunks/718e3_next_dist_0bf0ab56._.js:2287
[16136362ms] [LOG] [Fast Refresh] done in 766ms @ http://localhost:3000/_next/static/chunks/718e3_next_dist_0bf0ab56._.js:2287
[16149884ms] [LOG] [Fast Refresh] rebuilding @ http://localhost:3000/_next/static/chunks/718e3_next_dist_0bf0ab56._.js:2287
[16150305ms] [LOG] [Fast Refresh] done in 513ms @ http://localhost:3000/_next/static/chunks/718e3_next_dist_0bf0ab56._.js:2287
[16162164ms] [LOG] [Fast Refresh] rebuilding @ http://localhost:3000/_next/static/chunks/718e3_next_dist_0bf0ab56._.js:2287
[16163118ms] [LOG] [Fast Refresh] done in 1055ms @ http://localhost:3000/_next/static/chunks/718e3_next_dist_0bf0ab56._.js:2287
[16168657ms] [LOG] [Fast Refresh] rebuilding @ http://localhost:3000/_next/static/chunks/718e3_next_dist_0bf0ab56._.js:2287
[16169012ms] [LOG] [Fast Refresh] done in 459ms @ http://localhost:3000/_next/static/chunks/718e3_next_dist_0bf0ab56._.js:2287
[16174833ms] [LOG] [Fast Refresh] rebuilding @ http://localhost:3000/_next/static/chunks/718e3_next_dist_0bf0ab56._.js:2287
[16176134ms] [LOG] [Fast Refresh] done in 1397ms @ http://localhost:3000/_next/static/chunks/718e3_next_dist_0bf0ab56._.js:2287
[16187617ms] [LOG] [Fast Refresh] rebuilding @ http://localhost:3000/_next/static/chunks/718e3_next_dist_0bf0ab56._.js:2287
[16187627ms] [LOG] [Fast Refresh] done in 110ms @ http://localhost:3000/_next/static/chunks/718e3_next_dist_0bf0ab56._.js:2287
[16221203ms] [LOG] [Fast Refresh] rebuilding @ http://localhost:3000/_next/static/chunks/718e3_next_dist_0bf0ab56._.js:2287
[16221626ms] [LOG] [Fast Refresh] done in 524ms @ http://localhost:3000/_next/static/chunks/718e3_next_dist_0bf0ab56._.js:2287
[16234528ms] [LOG] [Fast Refresh] rebuilding @ http://localhost:3000/_next/static/chunks/718e3_next_dist_0bf0ab56._.js:2287
[16235831ms] [LOG] [Fast Refresh] done in 1404ms @ http://localhost:3000/_next/static/chunks/718e3_next_dist_0bf0ab56._.js:2287
[16242438ms] [LOG] %c[Vercel Speed Insights]%c [vitals] color: rgb(120, 120, 120) color: inherit {speed: 4g, metrics: Array(3), scriptVersion: 0.1.3, sdkName: @vercel/speed-insights/next, sdkVersion: 1.3.1} /_vercel/speed-insights/vitals @ http://localhost:3000/_next/static/chunks/718e3_next_dist_0bf0ab56._.js:2287
[16242440ms] [LOG] %c[Vercel Speed Insights]%c [vitals] color: rgb(120, 120, 120) color: inherit {speed: 4g, metrics: Array(1), scriptVersion: 0.1.3, sdkName: @vercel/speed-insights/next, sdkVersion: 1.3.1} /_vercel/speed-insights/vitals @ http://localhost:3000/_next/static/chunks/718e3_next_dist_0bf0ab56._.js:2287
