[   30669ms] [INFO] %cDownload the React DevTools for a better development experience: https://react.dev/link/react-devtools font-weight:bold @ http://localhost:3000/_next/static/chunks/718e3_next_dist_0bf0ab56._.js:2287
[   30780ms] [LOG] [HMR] connected @ http://localhost:3000/_next/static/chunks/718e3_next_dist_0bf0ab56._.js:2287
[   31108ms] [LOG] %c[Vercel Speed Insights]%c Debug mode is enabled by default in development. No requests will be sent to the server. color: rgb(120, 120, 120) color: inherit @ http://localhost:3000/_next/static/chunks/718e3_next_dist_0bf0ab56._.js:2287
[  124949ms] [LOG] [Fast Refresh] rebuilding @ http://localhost:3000/_next/static/chunks/718e3_next_dist_0bf0ab56._.js:2287
[  126733ms] [LOG] [Fast Refresh] done in 1886ms @ http://localhost:3000/_next/static/chunks/718e3_next_dist_0bf0ab56._.js:2287
[  640226ms] [LOG] [Fast Refresh] rebuilding @ http://localhost:3000/_next/static/chunks/718e3_next_dist_0bf0ab56._.js:2287
[  640238ms] [LOG] [Fast Refresh] done in 117ms @ http://localhost:3000/_next/static/chunks/718e3_next_dist_0bf0ab56._.js:2287
[  733696ms] [LOG] [Fast Refresh] rebuilding @ http://localhost:3000/_next/static/chunks/718e3_next_dist_0bf0ab56._.js:2287
[  733772ms] [LOG] [Fast Refresh] done in 177ms @ http://localhost:3000/_next/static/chunks/718e3_next_dist_0bf0ab56._.js:2287
[  736623ms] [LOG] [Fast Refresh] rebuilding @ http://localhost:3000/_next/static/chunks/718e3_next_dist_0bf0ab56._.js:2287
[  736680ms] [LOG] [Fast Refresh] done in 159ms @ http://localhost:3000/_next/static/chunks/718e3_next_dist_0bf0ab56._.js:2287
[  758884ms] [LOG] [Fast Refresh] rebuilding @ http://localhost:3000/_next/static/chunks/718e3_next_dist_0bf0ab56._.js:2287
[  758966ms] [LOG] [Fast Refresh] done in 184ms @ http://localhost:3000/_next/static/chunks/718e3_next_dist_0bf0ab56._.js:2287
[  841992ms] [LOG] [Fast Refresh] rebuilding @ http://localhost:3000/_next/static/chunks/718e3_next_dist_0bf0ab56._.js:2287
[  844096ms] [LOG] [Fast Refresh] done in 1818ms @ http://localhost:3000/_next/static/chunks/718e3_next_dist_0bf0ab56._.js:2287
[  894587ms] [LOG] [Fast Refresh] rebuilding @ http://localhost:3000/_next/static/chunks/718e3_next_dist_0bf0ab56._.js:2287
[  896708ms] [LOG] [Fast Refresh] done in 1977ms @ http://localhost:3000/_next/static/chunks/718e3_next_dist_0bf0ab56._.js:2287
[  934648ms] [LOG] [Fast Refresh] rebuilding @ http://localhost:3000/_next/static/chunks/718e3_next_dist_0bf0ab56._.js:2287
[  934650ms] [LOG] [Fast Refresh] done in 104ms @ http://localhost:3000/_next/static/chunks/718e3_next_dist_0bf0ab56._.js:2287
[  954915ms] [LOG] [Fast Refresh] rebuilding @ http://localhost:3000/_next/static/chunks/718e3_next_dist_0bf0ab56._.js:2287
[  956415ms] [LOG] [Fast Refresh] done in 1433ms @ http://localhost:3000/_next/static/chunks/718e3_next_dist_0bf0ab56._.js:2287
[ 2629955ms] [LOG] [HMR] connected @ http://localhost:3000/_next/static/chunks/718e3_next_dist_0bf0ab56._.js:2287
[ 4345649ms] [LOG] [Fast Refresh] rebuilding @ http://localhost:3000/_next/static/chunks/718e3_next_dist_0bf0ab56._.js:2287
[ 4345939ms] [LOG] [Fast Refresh] done in 404ms @ http://localhost:3000/_next/static/chunks/718e3_next_dist_0bf0ab56._.js:2287
[ 8584599ms] [LOG] [HMR] connected @ http://localhost:3000/_next/static/chunks/718e3_next_dist_0bf0ab56._.js:2287
[12661624ms] [LOG] [Fast Refresh] rebuilding @ http://localhost:3000/_next/static/chunks/718e3_next_dist_0bf0ab56._.js:2287
[12665118ms] [LOG] [Fast Refresh] done in 3310ms @ http://localhost:3000/_next/static/chunks/718e3_next_dist_0bf0ab56._.js:2287
[12742700ms] [LOG] [Fast Refresh] rebuilding @ http://localhost:3000/_next/static/chunks/718e3_next_dist_0bf0ab56._.js:2287
[12742741ms] [LOG] [Fast Refresh] done in 142ms @ http://localhost:3000/_next/static/chunks/718e3_next_dist_0bf0ab56._.js:2287
[13089315ms] [LOG] [Fast Refresh] rebuilding @ http://localhost:3000/_next/static/chunks/718e3_next_dist_0bf0ab56._.js:2287
[13089451ms] [LOG] [Fast Refresh] done in 240ms @ http://localhost:3000/_next/static/chunks/718e3_next_dist_0bf0ab56._.js:2287
[13097756ms] [LOG] [Fast Refresh] rebuilding @ http://localhost:3000/_next/static/chunks/718e3_next_dist_0bf0ab56._.js:2287
[13098217ms] [LOG] [Fast Refresh] done in 564ms @ http://localhost:3000/_next/static/chunks/718e3_next_dist_0bf0ab56._.js:2287
[13105493ms] [LOG] [Fast Refresh] rebuilding @ http://localhost:3000/_next/static/chunks/718e3_next_dist_0bf0ab56._.js:2287
[13105728ms] [LOG] [Fast Refresh] done in 336ms @ http://localhost:3000/_next/static/chunks/718e3_next_dist_0bf0ab56._.js:2287
[13110033ms] [LOG] [Fast Refresh] rebuilding @ http://localhost:3000/_next/static/chunks/718e3_next_dist_0bf0ab56._.js:2287
[13117713ms] [LOG] [Fast Refresh] done in 7782ms @ http://localhost:3000/_next/static/chunks/718e3_next_dist_0bf0ab56._.js:2287
[13542194ms] [LOG] [Fast Refresh] rebuilding @ http://localhost:3000/_next/static/chunks/718e3_next_dist_0bf0ab56._.js:2287
[13542365ms] [LOG] [Fast Refresh] done in 275ms @ http://localhost:3000/_next/static/chunks/718e3_next_dist_0bf0ab56._.js:2287
[13796841ms] [LOG] [Fast Refresh] rebuilding @ http://localhost:3000/_next/static/chunks/718e3_next_dist_0bf0ab56._.js:2287
[13796931ms] [LOG] [Fast Refresh] done in 190ms @ http://localhost:3000/_next/static/chunks/718e3_next_dist_0bf0ab56._.js:2287
[13853259ms] [LOG] [Fast Refresh] rebuilding @ http://localhost:3000/_next/static/chunks/718e3_next_dist_0bf0ab56._.js:2287
[13855626ms] [LOG] [Fast Refresh] done in 2032ms @ http://localhost:3000/_next/static/chunks/718e3_next_dist_0bf0ab56._.js:2287
[13914802ms] [LOG] [Fast Refresh] rebuilding @ http://localhost:3000/_next/static/chunks/718e3_next_dist_0bf0ab56._.js:2287
[13915908ms] [LOG] [Fast Refresh] done in 1209ms @ http://localhost:3000/_next/static/chunks/718e3_next_dist_0bf0ab56._.js:2287
[13949953ms] [LOG] [Fast Refresh] rebuilding @ http://localhost:3000/_next/static/chunks/718e3_next_dist_0bf0ab56._.js:2287
[13951051ms] [LOG] [Fast Refresh] done in 1100ms @ http://localhost:3000/_next/static/chunks/718e3_next_dist_0bf0ab56._.js:2287
[14016141ms] [LOG] [Fast Refresh] rebuilding @ http://localhost:3000/_next/static/chunks/718e3_next_dist_0bf0ab56._.js:2287
[14016206ms] [LOG] [Fast Refresh] done in 166ms @ http://localhost:3000/_next/static/chunks/718e3_next_dist_0bf0ab56._.js:2287
[14296726ms] [LOG] [Fast Refresh] rebuilding @ http://localhost:3000/_next/static/chunks/718e3_next_dist_0bf0ab56._.js:2287
[14298659ms] [LOG] [Fast Refresh] done in 2036ms @ http://localhost:3000/_next/static/chunks/718e3_next_dist_0bf0ab56._.js:2287
[14366116ms] [LOG] [Fast Refresh] rebuilding @ http://localhost:3000/_next/static/chunks/718e3_next_dist_0bf0ab56._.js:2287
[14367420ms] [LOG] [Fast Refresh] done in 1252ms @ http://localhost:3000/_next/static/chunks/718e3_next_dist_0bf0ab56._.js:2287
[14370354ms] [LOG] [Fast Refresh] rebuilding @ http://localhost:3000/_next/static/chunks/718e3_next_dist_0bf0ab56._.js:2287
[14371446ms] [LOG] [Fast Refresh] done in 1127ms @ http://localhost:3000/_next/static/chunks/718e3_next_dist_0bf0ab56._.js:2287
[15481919ms] [LOG] [Fast Refresh] rebuilding @ http://localhost:3000/_next/static/chunks/718e3_next_dist_0bf0ab56._.js:2287
[15485370ms] [LOG] [Fast Refresh] done in 3289ms @ http://localhost:3000/_next/static/chunks/718e3_next_dist_0bf0ab56._.js:2287
[15497431ms] [LOG] [Fast Refresh] rebuilding @ http://localhost:3000/_next/static/chunks/718e3_next_dist_0bf0ab56._.js:2287
[15498690ms] [LOG] [Fast Refresh] done in 1281ms @ http://localhost:3000/_next/static/chunks/718e3_next_dist_0bf0ab56._.js:2287
[15527764ms] [LOG] [Fast Refresh] rebuilding @ http://localhost:3000/_next/static/chunks/718e3_next_dist_0bf0ab56._.js:2287
[15527788ms] [LOG] [Fast Refresh] done in 126ms @ http://localhost:3000/_next/static/chunks/718e3_next_dist_0bf0ab56._.js:2287
[15568611ms] [LOG] [Fast Refresh] rebuilding @ http://localhost:3000/_next/static/chunks/718e3_next_dist_0bf0ab56._.js:2287
[15572488ms] [LOG] [Fast Refresh] done in 3986ms @ http://localhost:3000/_next/static/chunks/718e3_next_dist_0bf0ab56._.js:2287
[15579117ms] [LOG] [Fast Refresh] rebuilding @ http://localhost:3000/_next/static/chunks/718e3_next_dist_0bf0ab56._.js:2287
[15579217ms] [LOG] [Fast Refresh] done in 199ms @ http://localhost:3000/_next/static/chunks/718e3_next_dist_0bf0ab56._.js:2287
[15585537ms] [LOG] [Fast Refresh] rebuilding @ http://localhost:3000/_next/static/chunks/718e3_next_dist_0bf0ab56._.js:2287
[15585609ms] [LOG] [Fast Refresh] done in 176ms @ http://localhost:3000/_next/static/chunks/718e3_next_dist_0bf0ab56._.js:2287
[15585963ms] [LOG] [Fast Refresh] rebuilding @ http://localhost:3000/_next/static/chunks/718e3_next_dist_0bf0ab56._.js:2287
[15586048ms] [LOG] [Fast Refresh] done in 186ms @ http://localhost:3000/_next/static/chunks/718e3_next_dist_0bf0ab56._.js:2287
[15913279ms] [LOG] [Fast Refresh] rebuilding @ http://localhost:3000/_next/static/chunks/718e3_next_dist_0bf0ab56._.js:2287
[15915202ms] [LOG] [Fast Refresh] done in 1638ms @ http://localhost:3000/_next/static/chunks/718e3_next_dist_0bf0ab56._.js:2287
[15931094ms] [LOG] [Fast Refresh] rebuilding @ http://localhost:3000/_next/static/chunks/718e3_next_dist_0bf0ab56._.js:2287
[15931956ms] [LOG] [Fast Refresh] done in 843ms @ http://localhost:3000/_next/static/chunks/718e3_next_dist_0bf0ab56._.js:2287
[15945155ms] [LOG] [Fast Refresh] rebuilding @ http://localhost:3000/_next/static/chunks/718e3_next_dist_0bf0ab56._.js:2287
[15946204ms] [LOG] [Fast Refresh] done in 1038ms @ http://localhost:3000/_next/static/chunks/718e3_next_dist_0bf0ab56._.js:2287
[15947074ms] [LOG] [Fast Refresh] rebuilding @ http://localhost:3000/_next/static/chunks/718e3_next_dist_0bf0ab56._.js:2287
[15949414ms] [LOG] [Fast Refresh] done in 2447ms @ http://localhost:3000/_next/static/chunks/718e3_next_dist_0bf0ab56._.js:2287
[15949774ms] [LOG] [Fast Refresh] rebuilding @ http://localhost:3000/_next/static/chunks/718e3_next_dist_0bf0ab56._.js:2287
[15949775ms] [LOG] [Fast Refresh] done in 178ms @ http://localhost:3000/_next/static/chunks/718e3_next_dist_0bf0ab56._.js:2287
[16103906ms] [LOG] [Fast Refresh] rebuilding @ http://localhost:3000/_next/static/chunks/718e3_next_dist_0bf0ab56._.js:2287
[16104597ms] [LOG] [Fast Refresh] done in 744ms @ http://localhost:3000/_next/static/chunks/718e3_next_dist_0bf0ab56._.js:2287
[16118905ms] [LOG] [Fast Refresh] rebuilding @ http://localhost:3000/_next/static/chunks/718e3_next_dist_0bf0ab56._.js:2287
[16119618ms] [LOG] [Fast Refresh] done in 803ms @ http://localhost:3000/_next/static/chunks/718e3_next_dist_0bf0ab56._.js:2287
[16143446ms] [LOG] [Fast Refresh] rebuilding @ http://localhost:3000/_next/static/chunks/718e3_next_dist_0bf0ab56._.js:2287
[16144170ms] [LOG] [Fast Refresh] done in 817ms @ http://localhost:3000/_next/static/chunks/718e3_next_dist_0bf0ab56._.js:2287
[16215036ms] [LOG] [Fast Refresh] rebuilding @ http://localhost:3000/_next/static/chunks/718e3_next_dist_0bf0ab56._.js:2287
[16215860ms] [LOG] [Fast Refresh] done in 911ms @ http://localhost:3000/_next/static/chunks/718e3_next_dist_0bf0ab56._.js:2287
[16247157ms] [LOG] [Fast Refresh] rebuilding @ http://localhost:3000/_next/static/chunks/718e3_next_dist_0bf0ab56._.js:2287
[16247812ms] [LOG] [Fast Refresh] done in 731ms @ http://localhost:3000/_next/static/chunks/718e3_next_dist_0bf0ab56._.js:2287
[16259712ms] [LOG] [Fast Refresh] rebuilding @ http://localhost:3000/_next/static/chunks/718e3_next_dist_0bf0ab56._.js:2287
[16260374ms] [LOG] [Fast Refresh] done in 765ms @ http://localhost:3000/_next/static/chunks/718e3_next_dist_0bf0ab56._.js:2287
[16273896ms] [LOG] [Fast Refresh] rebuilding @ http://localhost:3000/_next/static/chunks/718e3_next_dist_0bf0ab56._.js:2287
[16274314ms] [LOG] [Fast Refresh] done in 507ms @ http://localhost:3000/_next/static/chunks/718e3_next_dist_0bf0ab56._.js:2287
[16286177ms] [LOG] [Fast Refresh] rebuilding @ http://localhost:3000/_next/static/chunks/718e3_next_dist_0bf0ab56._.js:2287
[16287130ms] [LOG] [Fast Refresh] done in 1055ms @ http://localhost:3000/_next/static/chunks/718e3_next_dist_0bf0ab56._.js:2287
[16292666ms] [LOG] [Fast Refresh] rebuilding @ http://localhost:3000/_next/static/chunks/718e3_next_dist_0bf0ab56._.js:2287
[16292905ms] [LOG] [Fast Refresh] done in 339ms @ http://localhost:3000/_next/static/chunks/718e3_next_dist_0bf0ab56._.js:2287
[16298847ms] [LOG] [Fast Refresh] rebuilding @ http://localhost:3000/_next/static/chunks/718e3_next_dist_0bf0ab56._.js:2287
[16300141ms] [LOG] [Fast Refresh] done in 1395ms @ http://localhost:3000/_next/static/chunks/718e3_next_dist_0bf0ab56._.js:2287
[16311631ms] [LOG] [Fast Refresh] rebuilding @ http://localhost:3000/_next/static/chunks/718e3_next_dist_0bf0ab56._.js:2287
[16311639ms] [LOG] [Fast Refresh] done in 110ms @ http://localhost:3000/_next/static/chunks/718e3_next_dist_0bf0ab56._.js:2287
[16345215ms] [LOG] [Fast Refresh] rebuilding @ http://localhost:3000/_next/static/chunks/718e3_next_dist_0bf0ab56._.js:2287
[16345638ms] [LOG] [Fast Refresh] done in 524ms @ http://localhost:3000/_next/static/chunks/718e3_next_dist_0bf0ab56._.js:2287
[16358545ms] [LOG] [Fast Refresh] rebuilding @ http://localhost:3000/_next/static/chunks/718e3_next_dist_0bf0ab56._.js:2287
[16359841ms] [LOG] [Fast Refresh] done in 1399ms @ http://localhost:3000/_next/static/chunks/718e3_next_dist_0bf0ab56._.js:2287
[16363129ms] [LOG] %c[Vercel Speed Insights]%c [vitals] color: rgb(120, 120, 120) color: inherit {speed: 4g, metrics: Array(5), scriptVersion: 0.1.3, sdkName: @vercel/speed-insights/next, sdkVersion: 1.3.1} /_vercel/speed-insights/vitals @ http://localhost:3000/_next/static/chunks/718e3_next_dist_0bf0ab56._.js:2287
[16363140ms] [LOG] %c[Vercel Speed Insights]%c [vitals] color: rgb(120, 120, 120) color: inherit {speed: 4g, metrics: Array(1), scriptVersion: 0.1.3, sdkName: @vercel/speed-insights/next, sdkVersion: 1.3.1} /_vercel/speed-insights/vitals @ http://localhost:3000/_next/static/chunks/718e3_next_dist_0bf0ab56._.js:2287
