[    3178ms] [INFO] %cDownload the React DevTools for a better development experience: https://react.dev/link/react-devtools font-weight:bold @ http://localhost:3000/_next/static/chunks/718e3_next_dist_0bf0ab56._.js:2287
[    3268ms] [LOG] [HMR] connected @ http://localhost:3000/_next/static/chunks/718e3_next_dist_0bf0ab56._.js:2287
[    3440ms] [LOG] [Fast Refresh] rebuilding @ http://localhost:3000/_next/static/chunks/718e3_next_dist_0bf0ab56._.js:2287
[    3456ms] [LOG] [Fast Refresh] done in 155ms @ http://localhost:3000/_next/static/chunks/718e3_next_dist_0bf0ab56._.js:2287
[    3709ms] [LOG] %c[Vercel Speed Insights]%c Debug mode is enabled by default in development. No requests will be sent to the server. color: rgb(120, 120, 120) color: inherit @ http://localhost:3000/_next/static/chunks/718e3_next_dist_0bf0ab56._.js:2287
[   25650ms] [LOG] [Fast Refresh] rebuilding @ http://localhost:3000/_next/static/chunks/718e3_next_dist_0bf0ab56._.js:2287
[   25734ms] [LOG] [Fast Refresh] done in 185ms @ http://localhost:3000/_next/static/chunks/718e3_next_dist_0bf0ab56._.js:2287
[  108761ms] [LOG] [Fast Refresh] rebuilding @ http://localhost:3000/_next/static/chunks/718e3_next_dist_0bf0ab56._.js:2287
[  110956ms] [LOG] [Fast Refresh] done in 2234ms @ http://localhost:3000/_next/static/chunks/718e3_next_dist_0bf0ab56._.js:2287
[  161358ms] [LOG] [Fast Refresh] rebuilding @ http://localhost:3000/_next/static/chunks/718e3_next_dist_0bf0ab56._.js:2287
[  163499ms] [LOG] [Fast Refresh] done in 2126ms @ http://localhost:3000/_next/static/chunks/718e3_next_dist_0bf0ab56._.js:2287
[  201417ms] [LOG] [Fast Refresh] rebuilding @ http://localhost:3000/_next/static/chunks/718e3_next_dist_0bf0ab56._.js:2287
[  201420ms] [LOG] [Fast Refresh] done in 106ms @ http://localhost:3000/_next/static/chunks/718e3_next_dist_0bf0ab56._.js:2287
[  221680ms] [LOG] [Fast Refresh] rebuilding @ http://localhost:3000/_next/static/chunks/718e3_next_dist_0bf0ab56._.js:2287
[  223304ms] [LOG] [Fast Refresh] done in 1635ms @ http://localhost:3000/_next/static/chunks/718e3_next_dist_0bf0ab56._.js:2287
[ 1896726ms] [LOG] [HMR] connected @ http://localhost:3000/_next/static/chunks/718e3_next_dist_0bf0ab56._.js:2287
[ 3612417ms] [LOG] [Fast Refresh] rebuilding @ http://localhost:3000/_next/static/chunks/718e3_next_dist_0bf0ab56._.js:2287
[ 3612710ms] [LOG] [Fast Refresh] done in 407ms @ http://localhost:3000/_next/static/chunks/718e3_next_dist_0bf0ab56._.js:2287
[ 7851208ms] [LOG] [HMR] connected @ http://localhost:3000/_next/static/chunks/718e3_next_dist_0bf0ab56._.js:2287
[ 7851436ms] [LOG] [Fast Refresh] rebuilding @ http://localhost:3000/_next/static/chunks/718e3_next_dist_0bf0ab56._.js:2287
[ 7851833ms] [LOG] [Fast Refresh] done in 501ms @ http://localhost:3000/_next/static/chunks/718e3_next_dist_0bf0ab56._.js:2287
[11928391ms] [LOG] [Fast Refresh] rebuilding @ http://localhost:3000/_next/static/chunks/718e3_next_dist_0bf0ab56._.js:2287
[11932123ms] [LOG] [Fast Refresh] done in 3331ms @ http://localhost:3000/_next/static/chunks/718e3_next_dist_0bf0ab56._.js:2287
[12009468ms] [LOG] [Fast Refresh] rebuilding @ http://localhost:3000/_next/static/chunks/718e3_next_dist_0bf0ab56._.js:2287
[12009509ms] [LOG] [Fast Refresh] done in 143ms @ http://localhost:3000/_next/static/chunks/718e3_next_dist_0bf0ab56._.js:2287
[12356083ms] [LOG] [Fast Refresh] rebuilding @ http://localhost:3000/_next/static/chunks/718e3_next_dist_0bf0ab56._.js:2287
[12356220ms] [LOG] [Fast Refresh] done in 239ms @ http://localhost:3000/_next/static/chunks/718e3_next_dist_0bf0ab56._.js:2287
[12364524ms] [LOG] [Fast Refresh] rebuilding @ http://localhost:3000/_next/static/chunks/718e3_next_dist_0bf0ab56._.js:2287
[12364985ms] [LOG] [Fast Refresh] done in 564ms @ http://localhost:3000/_next/static/chunks/718e3_next_dist_0bf0ab56._.js:2287
[12365350ms] [LOG] [Fast Refresh] rebuilding @ http://localhost:3000/_next/static/chunks/718e3_next_dist_0bf0ab56._.js:2287
[12365359ms] [LOG] [Fast Refresh] done in 110ms @ http://localhost:3000/_next/static/chunks/718e3_next_dist_0bf0ab56._.js:2287
[12372262ms] [LOG] [Fast Refresh] rebuilding @ http://localhost:3000/_next/static/chunks/718e3_next_dist_0bf0ab56._.js:2287
[12372496ms] [LOG] [Fast Refresh] done in 336ms @ http://localhost:3000/_next/static/chunks/718e3_next_dist_0bf0ab56._.js:2287
[12376799ms] [LOG] [Fast Refresh] rebuilding @ http://localhost:3000/_next/static/chunks/718e3_next_dist_0bf0ab56._.js:2287
[12384481ms] [LOG] [Fast Refresh] done in 7784ms @ http://localhost:3000/_next/static/chunks/718e3_next_dist_0bf0ab56._.js:2287
[12808962ms] [LOG] [Fast Refresh] rebuilding @ http://localhost:3000/_next/static/chunks/718e3_next_dist_0bf0ab56._.js:2287
[12809133ms] [LOG] [Fast Refresh] done in 275ms @ http://localhost:3000/_next/static/chunks/718e3_next_dist_0bf0ab56._.js:2287
[13063607ms] [LOG] [Fast Refresh] rebuilding @ http://localhost:3000/_next/static/chunks/718e3_next_dist_0bf0ab56._.js:2287
[13063699ms] [LOG] [Fast Refresh] done in 193ms @ http://localhost:3000/_next/static/chunks/718e3_next_dist_0bf0ab56._.js:2287
[13120027ms] [LOG] [Fast Refresh] rebuilding @ http://localhost:3000/_next/static/chunks/718e3_next_dist_0bf0ab56._.js:2287
[13122391ms] [LOG] [Fast Refresh] done in 1944ms @ http://localhost:3000/_next/static/chunks/718e3_next_dist_0bf0ab56._.js:2287
[13181571ms] [LOG] [Fast Refresh] rebuilding @ http://localhost:3000/_next/static/chunks/718e3_next_dist_0bf0ab56._.js:2287
[13182676ms] [LOG] [Fast Refresh] done in 1208ms @ http://localhost:3000/_next/static/chunks/718e3_next_dist_0bf0ab56._.js:2287
[13216721ms] [LOG] [Fast Refresh] rebuilding @ http://localhost:3000/_next/static/chunks/718e3_next_dist_0bf0ab56._.js:2287
[13217672ms] [LOG] [Fast Refresh] done in 936ms @ http://localhost:3000/_next/static/chunks/718e3_next_dist_0bf0ab56._.js:2287
[13282908ms] [LOG] [Fast Refresh] rebuilding @ http://localhost:3000/_next/static/chunks/718e3_next_dist_0bf0ab56._.js:2287
[13282974ms] [LOG] [Fast Refresh] done in 168ms @ http://localhost:3000/_next/static/chunks/718e3_next_dist_0bf0ab56._.js:2287
[13563494ms] [LOG] [Fast Refresh] rebuilding @ http://localhost:3000/_next/static/chunks/718e3_next_dist_0bf0ab56._.js:2287
[13565427ms] [LOG] [Fast Refresh] done in 2037ms @ http://localhost:3000/_next/static/chunks/718e3_next_dist_0bf0ab56._.js:2287
[13632871ms] [LOG] [Fast Refresh] rebuilding @ http://localhost:3000/_next/static/chunks/718e3_next_dist_0bf0ab56._.js:2287
[13634067ms] [LOG] [Fast Refresh] done in 1140ms @ http://localhost:3000/_next/static/chunks/718e3_next_dist_0bf0ab56._.js:2287
[13637122ms] [LOG] [Fast Refresh] rebuilding @ http://localhost:3000/_next/static/chunks/718e3_next_dist_0bf0ab56._.js:2287
[13638112ms] [LOG] [Fast Refresh] done in 812ms @ http://localhost:3000/_next/static/chunks/718e3_next_dist_0bf0ab56._.js:2287
[14748691ms] [LOG] [Fast Refresh] rebuilding @ http://localhost:3000/_next/static/chunks/718e3_next_dist_0bf0ab56._.js:2287
[14752201ms] [LOG] [Fast Refresh] done in 3253ms @ http://localhost:3000/_next/static/chunks/718e3_next_dist_0bf0ab56._.js:2287
[14764198ms] [LOG] [Fast Refresh] rebuilding @ http://localhost:3000/_next/static/chunks/718e3_next_dist_0bf0ab56._.js:2287
[14765354ms] [LOG] [Fast Refresh] done in 1133ms @ http://localhost:3000/_next/static/chunks/718e3_next_dist_0bf0ab56._.js:2287
[14794529ms] [LOG] [Fast Refresh] rebuilding @ http://localhost:3000/_next/static/chunks/718e3_next_dist_0bf0ab56._.js:2287
[14794555ms] [LOG] [Fast Refresh] done in 128ms @ http://localhost:3000/_next/static/chunks/718e3_next_dist_0bf0ab56._.js:2287
[14835379ms] [LOG] [Fast Refresh] rebuilding @ http://localhost:3000/_next/static/chunks/718e3_next_dist_0bf0ab56._.js:2287
[14839258ms] [LOG] [Fast Refresh] done in 3988ms @ http://localhost:3000/_next/static/chunks/718e3_next_dist_0bf0ab56._.js:2287
[14845886ms] [LOG] [Fast Refresh] rebuilding @ http://localhost:3000/_next/static/chunks/718e3_next_dist_0bf0ab56._.js:2287
[14845985ms] [LOG] [Fast Refresh] done in 200ms @ http://localhost:3000/_next/static/chunks/718e3_next_dist_0bf0ab56._.js:2287
[14852302ms] [LOG] [Fast Refresh] rebuilding @ http://localhost:3000/_next/static/chunks/718e3_next_dist_0bf0ab56._.js:2287
[14852377ms] [LOG] [Fast Refresh] done in 178ms @ http://localhost:3000/_next/static/chunks/718e3_next_dist_0bf0ab56._.js:2287
[14852730ms] [LOG] [Fast Refresh] rebuilding @ http://localhost:3000/_next/static/chunks/718e3_next_dist_0bf0ab56._.js:2287
[14852816ms] [LOG] [Fast Refresh] done in 186ms @ http://localhost:3000/_next/static/chunks/718e3_next_dist_0bf0ab56._.js:2287
[15180047ms] [LOG] [Fast Refresh] rebuilding @ http://localhost:3000/_next/static/chunks/718e3_next_dist_0bf0ab56._.js:2287
[15181948ms] [LOG] [Fast Refresh] done in 1513ms @ http://localhost:3000/_next/static/chunks/718e3_next_dist_0bf0ab56._.js:2287
[15197862ms] [LOG] [Fast Refresh] rebuilding @ http://localhost:3000/_next/static/chunks/718e3_next_dist_0bf0ab56._.js:2287
[15198688ms] [LOG] [Fast Refresh] done in 776ms @ http://localhost:3000/_next/static/chunks/718e3_next_dist_0bf0ab56._.js:2287
[15211922ms] [LOG] [Fast Refresh] rebuilding @ http://localhost:3000/_next/static/chunks/718e3_next_dist_0bf0ab56._.js:2287
[15212972ms] [LOG] [Fast Refresh] done in 1038ms @ http://localhost:3000/_next/static/chunks/718e3_next_dist_0bf0ab56._.js:2287
[15213838ms] [LOG] [Fast Refresh] rebuilding @ http://localhost:3000/_next/static/chunks/718e3_next_dist_0bf0ab56._.js:2287
[15216182ms] [LOG] [Fast Refresh] done in 2448ms @ http://localhost:3000/_next/static/chunks/718e3_next_dist_0bf0ab56._.js:2287
[15216468ms] [LOG] [Fast Refresh] rebuilding @ http://localhost:3000/_next/static/chunks/718e3_next_dist_0bf0ab56._.js:2287
[15216520ms] [LOG] [Fast Refresh] done in 154ms @ http://localhost:3000/_next/static/chunks/718e3_next_dist_0bf0ab56._.js:2287
[15370674ms] [LOG] [Fast Refresh] rebuilding @ http://localhost:3000/_next/static/chunks/718e3_next_dist_0bf0ab56._.js:2287
[15371365ms] [LOG] [Fast Refresh] done in 737ms @ http://localhost:3000/_next/static/chunks/718e3_next_dist_0bf0ab56._.js:2287
[15385672ms] [LOG] [Fast Refresh] rebuilding @ http://localhost:3000/_next/static/chunks/718e3_next_dist_0bf0ab56._.js:2287
[15386373ms] [LOG] [Fast Refresh] done in 776ms @ http://localhost:3000/_next/static/chunks/718e3_next_dist_0bf0ab56._.js:2287
[15410214ms] [LOG] [Fast Refresh] rebuilding @ http://localhost:3000/_next/static/chunks/718e3_next_dist_0bf0ab56._.js:2287
[15410927ms] [LOG] [Fast Refresh] done in 778ms @ http://localhost:3000/_next/static/chunks/718e3_next_dist_0bf0ab56._.js:2287
[15481805ms] [LOG] [Fast Refresh] rebuilding @ http://localhost:3000/_next/static/chunks/718e3_next_dist_0bf0ab56._.js:2287
[15482615ms] [LOG] [Fast Refresh] done in 908ms @ http://localhost:3000/_next/static/chunks/718e3_next_dist_0bf0ab56._.js:2287
[15513924ms] [LOG] [Fast Refresh] rebuilding @ http://localhost:3000/_next/static/chunks/718e3_next_dist_0bf0ab56._.js:2287
[15514577ms] [LOG] [Fast Refresh] done in 685ms @ http://localhost:3000/_next/static/chunks/718e3_next_dist_0bf0ab56._.js:2287
[15526479ms] [LOG] [Fast Refresh] rebuilding @ http://localhost:3000/_next/static/chunks/718e3_next_dist_0bf0ab56._.js:2287
[15527142ms] [LOG] [Fast Refresh] done in 763ms @ http://localhost:3000/_next/static/chunks/718e3_next_dist_0bf0ab56._.js:2287
[15540402ms] [LOG] [Fast Refresh] rebuilding @ http://localhost:3000/_next/static/chunks/718e3_next_dist_0bf0ab56._.js:2287
[15541080ms] [LOG] [Fast Refresh] done in 752ms @ http://localhost:3000/_next/static/chunks/718e3_next_dist_0bf0ab56._.js:2287
[15552945ms] [LOG] [Fast Refresh] rebuilding @ http://localhost:3000/_next/static/chunks/718e3_next_dist_0bf0ab56._.js:2287
[15553898ms] [LOG] [Fast Refresh] done in 1055ms @ http://localhost:3000/_next/static/chunks/718e3_next_dist_0bf0ab56._.js:2287
[15559434ms] [LOG] [Fast Refresh] rebuilding @ http://localhost:3000/_next/static/chunks/718e3_next_dist_0bf0ab56._.js:2287
[15559672ms] [LOG] [Fast Refresh] done in 340ms @ http://localhost:3000/_next/static/chunks/718e3_next_dist_0bf0ab56._.js:2287
[15565613ms] [LOG] [Fast Refresh] rebuilding @ http://localhost:3000/_next/static/chunks/718e3_next_dist_0bf0ab56._.js:2287
[15566910ms] [LOG] [Fast Refresh] done in 1397ms @ http://localhost:3000/_next/static/chunks/718e3_next_dist_0bf0ab56._.js:2287
[15578397ms] [LOG] [Fast Refresh] rebuilding @ http://localhost:3000/_next/static/chunks/718e3_next_dist_0bf0ab56._.js:2287
[15578406ms] [LOG] [Fast Refresh] done in 111ms @ http://localhost:3000/_next/static/chunks/718e3_next_dist_0bf0ab56._.js:2287
[15611983ms] [LOG] [Fast Refresh] rebuilding @ http://localhost:3000/_next/static/chunks/718e3_next_dist_0bf0ab56._.js:2287
[15612406ms] [LOG] [Fast Refresh] done in 525ms @ http://localhost:3000/_next/static/chunks/718e3_next_dist_0bf0ab56._.js:2287
[15625306ms] [LOG] [Fast Refresh] rebuilding @ http://localhost:3000/_next/static/chunks/718e3_next_dist_0bf0ab56._.js:2287
[15626609ms] [LOG] [Fast Refresh] done in 1404ms @ http://localhost:3000/_next/static/chunks/718e3_next_dist_0bf0ab56._.js:2287
[15633213ms] [LOG] %c[Vercel Speed Insights]%c [vitals] color: rgb(120, 120, 120) color: inherit {speed: 4g, metrics: Array(5), scriptVersion: 0.1.3, sdkName: @vercel/speed-insights/next, sdkVersion: 1.3.1} /_vercel/speed-insights/vitals @ http://localhost:3000/_next/static/chunks/718e3_next_dist_0bf0ab56._.js:2287
[15633214ms] [LOG] %c[Vercel Speed Insights]%c [vitals] color: rgb(120, 120, 120) color: inherit {speed: 4g, metrics: Array(1), scriptVersion: 0.1.3, sdkName: @vercel/speed-insights/next, sdkVersion: 1.3.1} /_vercel/speed-insights/vitals @ http://localhost:3000/_next/static/chunks/718e3_next_dist_0bf0ab56._.js:2287
